{"timestamp":"2026-04-20T17:09:19.707270Z","level":"info","event":"DAG bundles loaded: dags-folder","logger":"airflow.dag_processing.bundles.manager.DagBundlesManager","filename":"manager.py","lineno":179}
{"timestamp":"2026-04-20T17:09:19.709660Z","level":"info","event":"Filling up the DagBag from /opt/airflow/dags/variables.py","logger":"airflow.models.dagbag.BundleDagBag","filename":"dagbag.py","lineno":593}
{"timestamp":"2026-04-20T17:09:19.734718Z","level":"warning","event":"The `airflow.operators.python.PythonOperator` attribute is deprecated. Please use `'airflow.providers.standard.operators.python.PythonOperator'`.","category":"DeprecatedImportWarning","filename":"/opt/airflow/dags/variables.py","lineno":6,"logger":"py.warnings"}
{"timestamp":"2026-04-20T17:09:19.739811Z","level":"info","event":"Stats instance was created in PID 7 but accessed in PID 196. Re-initializing.","logger":"airflow.stats","filename":"stats.py","lineno":57}
{"timestamp":"2026-04-20T17:09:19.787705Z","level":"info","event":"","logger":"task.stdout"}
{"timestamp":"2026-04-20T17:09:19.787897Z","level":"info","event":"================================================================================","logger":"task.stdout"}
{"timestamp":"2026-04-20T17:09:19.787943Z","level":"info","event":"FULL CONTEXT KEYS","logger":"task.stdout"}
{"timestamp":"2026-04-20T17:09:19.787980Z","level":"info","event":"================================================================================","logger":"task.stdout"}
{"timestamp":"2026-04-20T17:09:19.788164Z","level":"info","event":"['conn', 'dag', 'dag_run', 'data_interval_end', 'data_interval_start', 'ds', 'ds_nodash', 'inlet_events', 'inlets', 'logical_date', 'macros', 'map_index_template', 'outlet_events', 'outlets', 'params', 'prev_data_interval_end_success', 'prev_data_interval_start_success', 'prev_end_date_success', 'prev_start_date_success', 'run_id', 'task', 'task_instance', 'task_instance_key_str', 'task_reschedule_count', 'templates_dict', 'ti', 'triggering_asset_events', 'ts', 'ts_nodash', 'ts_nodash_with_tz', 'var']","logger":"task.stdout"}
{"timestamp":"2026-04-20T17:09:19.788227Z","level":"info","event":"","logger":"task.stdout"}
{"timestamp":"2026-04-20T17:09:19.788268Z","level":"info","event":"================================================================================","logger":"task.stdout"}
{"timestamp":"2026-04-20T17:09:19.788310Z","level":"info","event":"SELECTED VARIABLES","logger":"task.stdout"}
{"timestamp":"2026-04-20T17:09:19.788348Z","level":"info","event":"================================================================================","logger":"task.stdout"}
{"timestamp":"2026-04-20T17:09:19.788386Z","level":"info","event":"dag: <DAG: debug_airflow_context>","logger":"task.stdout"}
{"timestamp":"2026-04-20T17:09:19.788433Z","level":"info","event":"task: <Task(PythonOperator): debug_context>","logger":"task.stdout"}
{"timestamp":"2026-04-20T17:09:19.788485Z","level":"info","event":"ti: id=UUID('019dabde-338a-747b-a3be-c28c57263b53') task_id='debug_context' dag_id='debug_airflow_context' run_id='manual__2026-04-20T17:09:19.347086+00:00' try_number=1 dag_version_id=UUID('019dabdd-81fc-7205-b30c-2a8382575d89') map_index=-1 hostname='b9b122106f15' context_carrier={} task=<Task(PythonOperator): debug_context> bundle_instance=LocalDagBundle(name=dags-folder) max_tries=0 start_date=datetime.datetime(2026, 4, 20, 17, 9, 19, 648034, tzinfo=datetime.timezone.utc) end_date=None state=<TaskInstanceState.RUNNING: 'running'> is_mapped=False rendered_map_index=None","logger":"task.stdout"}
{"timestamp":"2026-04-20T17:09:19.788579Z","level":"info","event":"dag_run: dag_id='debug_airflow_context' run_id='manual__2026-04-20T17:09:19.347086+00:00' logical_date=datetime.datetime(2026, 4, 20, 17, 9, 18, tzinfo=datetime.timezone.utc) data_interval_start=datetime.datetime(2026, 4, 20, 17, 9, 18, tzinfo=datetime.timezone.utc) data_interval_end=datetime.datetime(2026, 4, 20, 17, 9, 18, tzinfo=datetime.timezone.utc) run_after=datetime.datetime(2026, 4, 20, 17, 9, 19, 347086, tzinfo=datetime.timezone.utc) start_date=datetime.datetime(2026, 4, 20, 17, 9, 19, 434291, tzinfo=datetime.timezone.utc) end_date=None clear_number=0 run_type=<DagRunType.MANUAL: 'manual'> state=<DagRunState.RUNNING: 'running'> conf={} triggering_user_name='airflow' consumed_asset_events=[]","logger":"task.stdout"}
{"timestamp":"2026-04-20T17:09:19.788784Z","level":"info","event":"logical_date: 2026-04-20 17:09:18+00:00","logger":"task.stdout"}
{"timestamp":"2026-04-20T17:09:19.788838Z","level":"info","event":"ds: 2026-04-20","logger":"task.stdout"}
{"timestamp":"2026-04-20T17:09:19.788882Z","level":"info","event":"ds_nodash: 20260420","logger":"task.stdout"}
{"timestamp":"2026-04-20T17:09:19.788922Z","level":"info","event":"ts: 2026-04-20T17:09:18+00:00","logger":"task.stdout"}
{"timestamp":"2026-04-20T17:09:19.788958Z","level":"info","event":"ts_nodash: 20260420T170918","logger":"task.stdout"}
{"timestamp":"2026-04-20T17:09:19.788993Z","level":"info","event":"ts_nodash_with_tz: 20260420T170918+0000","logger":"task.stdout"}
{"timestamp":"2026-04-20T17:09:19.789027Z","level":"info","event":"run_id: manual__2026-04-20T17:09:19.347086+00:00","logger":"task.stdout"}
{"timestamp":"2026-04-20T17:09:19.789064Z","level":"info","event":"data_interval_start: 2026-04-20 17:09:18+00:00","logger":"task.stdout"}
{"timestamp":"2026-04-20T17:09:19.789099Z","level":"info","event":"data_interval_end: 2026-04-20 17:09:18+00:00","logger":"task.stdout"}
{"timestamp":"2026-04-20T17:09:19.789132Z","level":"info","event":"params: {}","logger":"task.stdout"}
{"timestamp":"2026-04-20T17:09:19.789216Z","level":"info","event":"var: {'json': <VariableAccessor (dynamic access)>, 'value': <VariableAccessor (dynamic access)>}","logger":"task.stdout"}
{"timestamp":"2026-04-20T17:09:19.789262Z","level":"info","event":"conn: <ConnectionAccessor (dynamic access)>","logger":"task.stdout"}
{"timestamp":"2026-04-20T17:09:19.789303Z","level":"info","event":"","logger":"task.stdout"}
{"timestamp":"2026-04-20T17:09:19.789340Z","level":"info","event":"================================================================================","logger":"task.stdout"}
{"timestamp":"2026-04-20T17:09:19.789375Z","level":"info","event":"OBJECT ATTRIBUTES","logger":"task.stdout"}
{"timestamp":"2026-04-20T17:09:19.789409Z","level":"info","event":"================================================================================","logger":"task.stdout"}
{"timestamp":"2026-04-20T17:09:19.789464Z","level":"info","event":"dag.dag_id: debug_airflow_context","logger":"task.stdout"}
{"timestamp":"2026-04-20T17:09:19.789497Z","level":"info","event":"task.task_id: debug_context","logger":"task.stdout"}
{"timestamp":"2026-04-20T17:09:19.789528Z","level":"info","event":"ti.task_id: debug_context","logger":"task.stdout"}
{"timestamp":"2026-04-20T17:09:19.789570Z","level":"info","event":"ti.run_id: manual__2026-04-20T17:09:19.347086+00:00","logger":"task.stdout"}
{"timestamp":"2026-04-20T17:09:19.789617Z","level":"info","event":"ti.try_number: 1","logger":"task.stdout"}
{"timestamp":"2026-04-20T17:09:19.789654Z","level":"info","event":"ti.start_date: 2026-04-20 17:09:19.648034+00:00","logger":"task.stdout"}
{"timestamp":"2026-04-20T17:09:19.789687Z","level":"info","event":"ti.end_date: None","logger":"task.stdout"}
{"timestamp":"2026-04-20T17:09:19.789717Z","level":"info","event":"ti.duration: None","logger":"task.stdout"}
{"timestamp":"2026-04-20T17:09:19.789749Z","level":"info","event":"ti.hostname: b9b122106f15","logger":"task.stdout"}
{"timestamp":"2026-04-20T17:09:19.789779Z","level":"info","event":"dag_run.run_id: manual__2026-04-20T17:09:19.347086+00:00","logger":"task.stdout"}
{"timestamp":"2026-04-20T17:09:19.789812Z","level":"info","event":"dag_run.state: DagRunState.RUNNING","logger":"task.stdout"}
{"timestamp":"2026-04-20T17:09:19.789854Z","level":"info","event":"dag_run.queued_at: None","logger":"task.stdout"}
{"timestamp":"2026-04-20T17:09:19.789900Z","level":"info","event":"dag_run.start_date: 2026-04-20 17:09:19.434291+00:00","logger":"task.stdout"}
{"timestamp":"2026-04-20T17:09:19.789934Z","level":"info","event":"dag_run.end_date: None","logger":"task.stdout"}
{"timestamp":"2026-04-20T17:09:19.789973Z","level":"info","event":"dag_run.logical_date: 2026-04-20 17:09:18+00:00","logger":"task.stdout"}
{"timestamp":"2026-04-20T17:09:19.790005Z","level":"info","event":"dag_run.data_interval_start: 2026-04-20 17:09:18+00:00","logger":"task.stdout"}
{"timestamp":"2026-04-20T17:09:19.790038Z","level":"info","event":"dag_run.data_interval_end: 2026-04-20 17:09:18+00:00","logger":"task.stdout"}
{"timestamp":"2026-04-20T17:09:19.790068Z","level":"info","event":"","logger":"task.stdout"}
{"timestamp":"2026-04-20T17:09:19.790098Z","level":"info","event":"================================================================================","logger":"task.stdout"}
{"timestamp":"2026-04-20T17:09:19.790129Z","level":"info","event":"SAFE JSON-LIKE SNAPSHOT","logger":"task.stdout"}
{"timestamp":"2026-04-20T17:09:19.790159Z","level":"info","event":"================================================================================","logger":"task.stdout"}
{"timestamp":"2026-04-20T17:09:19.790245Z","level":"info","event":"{","logger":"task.stdout"}
{"timestamp":"2026-04-20T17:09:19.790285Z","level":"info","event":"  \"dag_id\": \"debug_airflow_context\",","logger":"task.stdout"}
{"timestamp":"2026-04-20T17:09:19.790320Z","level":"info","event":"  \"task_id\": \"debug_context\",","logger":"task.stdout"}
{"timestamp":"2026-04-20T17:09:19.790356Z","level":"info","event":"  \"run_id\": \"manual__2026-04-20T17:09:19.347086+00:00\",","logger":"task.stdout"}
{"timestamp":"2026-04-20T17:09:19.790392Z","level":"info","event":"  \"logical_date\": \"2026-04-20 17:09:18+00:00\",","logger":"task.stdout"}
{"timestamp":"2026-04-20T17:09:19.790423Z","level":"info","event":"  \"ts\": \"2026-04-20T17:09:18+00:00\",","logger":"task.stdout"}
{"timestamp":"2026-04-20T17:09:19.790453Z","level":"info","event":"  \"data_interval_start\": \"2026-04-20 17:09:18+00:00\",","logger":"task.stdout"}
{"timestamp":"2026-04-20T17:09:19.790486Z","level":"info","event":"  \"data_interval_end\": \"2026-04-20 17:09:18+00:00\",","logger":"task.stdout"}
{"timestamp":"2026-04-20T17:09:19.790516Z","level":"info","event":"  \"ti_start_date\": \"2026-04-20 17:09:19.648034+00:00\",","logger":"task.stdout"}
{"timestamp":"2026-04-20T17:09:19.790546Z","level":"info","event":"  \"dag_run_queued_at\": \"None\",","logger":"task.stdout"}
{"timestamp":"2026-04-20T17:09:19.790575Z","level":"info","event":"  \"dag_run_start_date\": \"2026-04-20 17:09:19.434291+00:00\"","logger":"task.stdout"}
{"timestamp":"2026-04-20T17:09:19.790604Z","level":"info","event":"}","logger":"task.stdout"}
{"timestamp":"2026-04-20T17:09:19.790634Z","level":"info","event":"","logger":"task.stdout"}
{"timestamp":"2026-04-20T17:09:19.790664Z","level":"info","event":"================================================================================","logger":"task.stdout"}
{"timestamp":"2026-04-20T17:09:19.790706Z","level":"info","event":"RAW CONTEXT PRETTY PRINT","logger":"task.stdout"}
{"timestamp":"2026-04-20T17:09:19.790738Z","level":"info","event":"================================================================================","logger":"task.stdout"}
{"timestamp":"2026-04-20T17:09:19.790807Z","level":"info","event":"{'conn': <ConnectionAccessor (dynamic access)>,","logger":"task.stdout"}
{"timestamp":"2026-04-20T17:09:19.790848Z","level":"info","event":" 'dag': <DAG: debug_airflow_context>,","logger":"task.stdout"}
{"timestamp":"2026-04-20T17:09:19.790888Z","level":"info","event":" 'dag_run': DagRun(dag_id='debug_airflow_context', run_id='manual__2026-04-20T17:09:19.347086+00:00', logical_date=datetime.datetime(2026, 4, 20, 17, 9, 18, tzinfo=datetime.timezone.utc), data_interval_start=datetime.datetime(2026, 4, 20, 17, 9, 18, tzinfo=datetime.timezone.utc), data_interval_end=datetime.datetime(2026, 4, 20, 17, 9, 18, tzinfo=datetime.timezone.utc), run_after=datetime.datetime(2026, 4, 20, 17, 9, 19, 347086, tzinfo=datetime.timezone.utc), start_date=datetime.datetime(2026, 4, 20, 17, 9, 19, 434291, tzinfo=datetime.timezone.utc), end_date=None, clear_number=0, run_type=<DagRunType.MANUAL: 'manual'>, state=<DagRunState.RUNNING: 'running'>, conf={}, triggering_user_name='airflow', consumed_asset_events=[]),","logger":"task.stdout"}
{"timestamp":"2026-04-20T17:09:19.790927Z","level":"info","event":" 'data_interval_end': DateTime(2026, 4, 20, 17, 9, 18, tzinfo=Timezone('UTC')),","logger":"task.stdout"}
{"timestamp":"2026-04-20T17:09:19.791066Z","level":"info","event":" 'data_interval_start': DateTime(2026, 4, 20, 17, 9, 18, tzinfo=Timezone('UTC')),","logger":"task.stdout"}
{"timestamp":"2026-04-20T17:09:19.791112Z","level":"info","event":" 'ds': '2026-04-20',","logger":"task.stdout"}
{"timestamp":"2026-04-20T17:09:19.791147Z","level":"info","event":" 'ds_nodash': '20260420',","logger":"task.stdout"}
{"timestamp":"2026-04-20T17:09:19.791181Z","level":"info","event":" 'inlet_events': InletEventsAccessors(_inlets=[], _assets={}, _asset_aliases={}),","logger":"task.stdout"}
{"timestamp":"2026-04-20T17:09:19.791215Z","level":"info","event":" 'inlets': [],","logger":"task.stdout"}
{"timestamp":"2026-04-20T17:09:19.791247Z","level":"info","event":" 'logical_date': DateTime(2026, 4, 20, 17, 9, 18, tzinfo=Timezone('UTC')),","logger":"task.stdout"}
{"timestamp":"2026-04-20T17:09:19.791282Z","level":"info","event":" 'macros': <MacrosAccessor (dynamic access to macros)>,","logger":"task.stdout"}
{"timestamp":"2026-04-20T17:09:19.791328Z","level":"info","event":" 'map_index_template': None,","logger":"task.stdout"}
{"timestamp":"2026-04-20T17:09:19.791361Z","level":"info","event":" 'outlet_events': <airflow.sdk.execution_time.context.OutletEventAccessors object at 0x73da44bb30e0>,","logger":"task.stdout"}
{"timestamp":"2026-04-20T17:09:19.791394Z","level":"info","event":" 'outlets': [],","logger":"task.stdout"}
{"timestamp":"2026-04-20T17:09:19.791426Z","level":"info","event":" 'params': {},","logger":"task.stdout"}
{"timestamp":"2026-04-20T17:09:19.806442Z","level":"info","event":" 'prev_data_interval_end_success': <Proxy at 0x73da44c03480 with factory <function RuntimeTaskInstance.get_template_context.<locals>.<lambda> at 0x73da44b6d800>>,","logger":"task.stdout"}
{"timestamp":"2026-04-20T17:09:19.806701Z","level":"info","event":" 'prev_data_interval_start_success': <Proxy at 0x73da44c1e180 with factory <function RuntimeTaskInstance.get_template_context.<locals>.<lambda> at 0x73da44b6d760>>,","logger":"task.stdout"}
{"timestamp":"2026-04-20T17:09:19.806768Z","level":"info","event":" 'prev_end_date_success': <Proxy at 0x73da44e01c40 with factory <function RuntimeTaskInstance.get_template_context.<locals>.<lambda> at 0x73da44b6c4a0>>,","logger":"task.stdout"}
{"timestamp":"2026-04-20T17:09:19.806811Z","level":"info","event":" 'prev_start_date_success': <Proxy at 0x73da44e03ec0 with factory <function RuntimeTaskInstance.get_template_context.<locals>.<lambda> at 0x73da44b6c180>>,","logger":"task.stdout"}
{"timestamp":"2026-04-20T17:09:19.806847Z","level":"info","event":" 'run_id': 'manual__2026-04-20T17:09:19.347086+00:00',","logger":"task.stdout"}
{"timestamp":"2026-04-20T17:09:19.806882Z","level":"info","event":" 'task': <Task(PythonOperator): debug_context>,","logger":"task.stdout"}
{"timestamp":"2026-04-20T17:09:19.806917Z","level":"info","event":" 'task_instance': RuntimeTaskInstance(id=UUID('019dabde-338a-747b-a3be-c28c57263b53'), task_id='debug_context', dag_id='debug_airflow_context', run_id='manual__2026-04-20T17:09:19.347086+00:00', try_number=1, dag_version_id=UUID('019dabdd-81fc-7205-b30c-2a8382575d89'), map_index=-1, hostname='b9b122106f15', context_carrier={}, task=<Task(PythonOperator): debug_context>, bundle_instance=LocalDagBundle(name=dags-folder), max_tries=0, start_date=datetime.datetime(2026, 4, 20, 17, 9, 19, 648034, tzinfo=datetime.timezone.utc), end_date=None, state=<TaskInstanceState.RUNNING: 'running'>, is_mapped=False, rendered_map_index=None),","logger":"task.stdout"}
{"timestamp":"2026-04-20T17:09:19.807120Z","level":"info","event":" 'task_instance_key_str': 'debug_airflow_context__debug_context__20260420',","logger":"task.stdout"}
{"timestamp":"2026-04-20T17:09:19.807250Z","level":"info","event":" 'task_reschedule_count': 0,","logger":"task.stdout"}
{"timestamp":"2026-04-20T17:09:19.807313Z","level":"info","event":" 'templates_dict': None,","logger":"task.stdout"}
{"timestamp":"2026-04-20T17:09:19.807388Z","level":"info","event":" 'ti': RuntimeTaskInstance(id=UUID('019dabde-338a-747b-a3be-c28c57263b53'), task_id='debug_context', dag_id='debug_airflow_context', run_id='manual__2026-04-20T17:09:19.347086+00:00', try_number=1, dag_version_id=UUID('019dabdd-81fc-7205-b30c-2a8382575d89'), map_index=-1, hostname='b9b122106f15', context_carrier={}, task=<Task(PythonOperator): debug_context>, bundle_instance=LocalDagBundle(name=dags-folder), max_tries=0, start_date=datetime.datetime(2026, 4, 20, 17, 9, 19, 648034, tzinfo=datetime.timezone.utc), end_date=None, state=<TaskInstanceState.RUNNING: 'running'>, is_mapped=False, rendered_map_index=None),","logger":"task.stdout"}
{"timestamp":"2026-04-20T17:09:19.807625Z","level":"info","event":" 'triggering_asset_events': TriggeringAssetEventsAccessor(_events=defaultdict(<class 'list'>, {})),","logger":"task.stdout"}
{"timestamp":"2026-04-20T17:09:19.807714Z","level":"info","event":" 'ts': '2026-04-20T17:09:18+00:00',","logger":"task.stdout"}
{"timestamp":"2026-04-20T17:09:19.807762Z","level":"info","event":" 'ts_nodash': '20260420T170918',","logger":"task.stdout"}
{"timestamp":"2026-04-20T17:09:19.807804Z","level":"info","event":" 'ts_nodash_with_tz': '20260420T170918+0000',","logger":"task.stdout"}
{"timestamp":"2026-04-20T17:09:19.807846Z","level":"info","event":" 'var': {'json': <VariableAccessor (dynamic access)>,","logger":"task.stdout"}
{"timestamp":"2026-04-20T17:09:19.807894Z","level":"info","event":"         'value': <VariableAccessor (dynamic access)>}}","logger":"task.stdout"}
{"timestamp":"2026-04-20T17:09:19.806842Z","level":"info","event":"Done. Returned value was: None","logger":"airflow.task.operators.airflow.providers.standard.operators.python.PythonOperator","filename":"python.py","lineno":230}
